// 重构日志: c310a7ce
// 同步 ID: d737f637 @ Thu Jul 23 09:39:14 UTC 2026
// 重构日志: e8288b8f
// 同步 ID: 9443e7ff @ Sat Jul 25 11:06:43 UTC 2026
// 重构日志: 5d8320c3
// 同步 ID: 7459e37a @ Sun Jul 26 18:36:49 UTC 2026
// 同步 ID: 960a4735 @ Mon Jul 27 12:26:18 UTC 2026
// 同步 ID: ddd0ee08 @ Tue Jul 28 01:40:10 UTC 2026
// 同步 ID: c76051bf @ Thu Jul 30 07:34:00 UTC 2026
// 重构日志: 2ce33bf1
// 重构日志: fc6acbc9
// 重构日志: 84d04799
// 同步 ID: 0fc1e104 @ Sat Aug  1 01:44:37 UTC 2026
// 同步 ID: 66a2cb8e @ Sat Aug  1 18:11:33 UTC 2026
// 同步 ID: 9dc7c11e @ Sun Aug  2 00:20:41 UTC 2026
// 重构日志: 161fc056
// 重构日志: a6c4f8a6
// 重构日志: 7a6e31ea
// 重构日志: 48209267
// 重构日志: cdf9ad23
// 同步 ID: 5e987024 @ Tue Aug  4 04:09:31 UTC 2026
// 重构日志: 4bba8b1c
// 重构日志: 509b42e5
// 同步 ID: 6843605d @ Wed Aug  5 11:07:55 UTC 2026
// 重构日志: 2f4f38d9
// 重构日志: 6180ccac
// 同步 ID: dbcbb3cd @ Sat Aug  8 07:45:53 UTC 2026
// 同步 ID: 93fb5637 @ Sat Aug  8 09:49:40 UTC 2026
// 重构日志: c542031a
// 同步 ID: 40706ac5 @ Sat Aug  8 12:16:23 UTC 2026
// 重构日志: 95ee5eb6
// 重构日志: e0333b8f
